node.exe : npm notice
At C:\Program 
Files\nodejs\npx.ps1:29 char:3
+   & $NODE_EXE $NPX_CLI_JS $args
+   ~~~~~~~~~~~~~~~~~~~~~~~~~~~~~
    + CategoryInfo          : 
NotSpec    ified: (npm 
notice:String) [], Re    
moteException
    + FullyQualifiedErrorId : 
NativeC    ommandError
 
npm notice New major version of npm 
available! 10.9.2 -> 11.12.0
npm notice Changelog: https://github.
com/npm/cli/releases/tag/v11.12.0
npm notice To update run: npm 
install -g npm@11.12.0
npm notice
